Archive member included because of file (symbol)

c:/winavr-20100110/bin/../lib/gcc/avr/4.3.3/avr4\libgcc.a(_udivmodqi4.o)
                              ./NixieOne.o (__udivmodqi4)
c:/winavr-20100110/bin/../lib/gcc/avr/4.3.3/avr4\libgcc.a(_udivmodhi4.o)
                              ./booster.o (__udivmodhi4)
c:/winavr-20100110/bin/../lib/gcc/avr/4.3.3/avr4\libgcc.a(_divmodhi4.o)
                              ./ds18b20.o (__divmodhi4)
c:/winavr-20100110/bin/../lib/gcc/avr/4.3.3/avr4\libgcc.a(_exit.o)
                              c:/winavr-20100110/bin/../lib/gcc/avr/4.3.3/../../../../avr/lib/avr4/crtm8.o (exit)
c:/winavr-20100110/bin/../lib/gcc/avr/4.3.3/avr4\libgcc.a(_copy_data.o)
                              ./NixieOne.o (__do_copy_data)
c:/winavr-20100110/bin/../lib/gcc/avr/4.3.3/avr4\libgcc.a(_clear_bss.o)
                              ./NixieOne.o (__do_clear_bss)

Allocating common symbols
Common symbol       size              file

selected_mode       0x1               ./NixieOne.o
display_content     0x8               ./NixieOne.o
timeout_timer       0x1               ./i2c.o
temperature         0x2               ./NixieOne.o
time                0x7               ./NixieOne.o
button_timer        0x2               ./buttons.o

Memory Configuration

Name             Origin             Length             Attributes
text             0x00000000         0x00002000         xr
data             0x00800060         0x0000ffa0         rw !x
eeprom           0x00810000         0x00010000         rw !x
fuse             0x00820000         0x00000400         rw !x
lock             0x00830000         0x00000400         rw !x
signature        0x00840000         0x00000400         rw !x
*default*        0x00000000         0xffffffff

Linker script and memory map

LOAD c:/winavr-20100110/bin/../lib/gcc/avr/4.3.3/../../../../avr/lib/avr4/crtm8.o
LOAD ./NixieOne.o
LOAD ./booster.o
LOAD ./buttons.o
LOAD ./ds1307.o
LOAD ./ds18b20.o
LOAD ./i2c.o
LOAD ./nixie.o
LOAD ./onewire.o
LOAD ./photoresistor.o
LOAD c:/winavr-20100110/bin/../lib/gcc/avr/4.3.3/avr4\libgcc.a
LOAD c:/winavr-20100110/bin/../lib/gcc/avr/4.3.3/../../../../avr/lib/avr4\libc.a
LOAD c:/winavr-20100110/bin/../lib/gcc/avr/4.3.3/avr4\libgcc.a

.hash
 *(.hash)

.dynsym
 *(.dynsym)

.dynstr
 *(.dynstr)

.gnu.version
 *(.gnu.version)

.gnu.version_d
 *(.gnu.version_d)

.gnu.version_r
 *(.gnu.version_r)

.rel.init
 *(.rel.init)

.rela.init
 *(.rela.init)

.rel.text
 *(.rel.text)
 *(.rel.text.*)
 *(.rel.gnu.linkonce.t*)

.rela.text
 *(.rela.text)
 *(.rela.text.*)
 *(.rela.gnu.linkonce.t*)

.rel.fini
 *(.rel.fini)

.rela.fini
 *(.rela.fini)

.rel.rodata
 *(.rel.rodata)
 *(.rel.rodata.*)
 *(.rel.gnu.linkonce.r*)

.rela.rodata
 *(.rela.rodata)
 *(.rela.rodata.*)
 *(.rela.gnu.linkonce.r*)

.rel.data
 *(.rel.data)
 *(.rel.data.*)
 *(.rel.gnu.linkonce.d*)

.rela.data
 *(.rela.data)
 *(.rela.data.*)
 *(.rela.gnu.linkonce.d*)

.rel.ctors
 *(.rel.ctors)

.rela.ctors
 *(.rela.ctors)

.rel.dtors
 *(.rel.dtors)

.rela.dtors
 *(.rela.dtors)

.rel.got
 *(.rel.got)

.rela.got
 *(.rela.got)

.rel.bss
 *(.rel.bss)

.rela.bss
 *(.rela.bss)

.rel.plt
 *(.rel.plt)

.rela.plt
 *(.rela.plt)

.text           0x00000000      0xde0
 *(.vectors)
 .vectors       0x00000000       0x26 c:/winavr-20100110/bin/../lib/gcc/avr/4.3.3/../../../../avr/lib/avr4/crtm8.o
                0x00000000                __vectors
                0x00000000                __vector_default
 *(.vectors)
 *(.progmem.gcc*)
 *(.progmem*)
                0x00000026                . = ALIGN (0x2)
                0x00000026                __trampolines_start = .
 *(.trampolines)
 .trampolines   0x00000026        0x0 linker stubs
 *(.trampolines*)
                0x00000026                __trampolines_end = .
 *(.jumptables)
 *(.jumptables*)
 *(.lowtext)
 *(.lowtext*)
                0x00000026                __ctors_start = .
 *(.ctors)
                0x00000026                __ctors_end = .
                0x00000026                __dtors_start = .
 *(.dtors)
                0x00000026                __dtors_end = .
 SORT(*)(.ctors)
 SORT(*)(.dtors)
 *(.init0)
 .init0         0x00000026        0x0 c:/winavr-20100110/bin/../lib/gcc/avr/4.3.3/../../../../avr/lib/avr4/crtm8.o
                0x00000026                __init
 *(.init0)
 *(.init1)
 *(.init1)
 *(.init2)
 .init2         0x00000026        0xc c:/winavr-20100110/bin/../lib/gcc/avr/4.3.3/../../../../avr/lib/avr4/crtm8.o
 *(.init2)
 *(.init3)
 *(.init3)
 *(.init4)
 .init4         0x00000032       0x16 c:/winavr-20100110/bin/../lib/gcc/avr/4.3.3/avr4\libgcc.a(_copy_data.o)
                0x00000032                __do_copy_data
 .init4         0x00000048       0x10 c:/winavr-20100110/bin/../lib/gcc/avr/4.3.3/avr4\libgcc.a(_clear_bss.o)
                0x00000048                __do_clear_bss
 *(.init4)
 *(.init5)
 *(.init5)
 *(.init6)
 *(.init6)
 *(.init7)
 *(.init7)
 *(.init8)
 *(.init8)
 *(.init9)
 .init9         0x00000058        0x4 c:/winavr-20100110/bin/../lib/gcc/avr/4.3.3/../../../../avr/lib/avr4/crtm8.o
 *(.init9)
 *(.text)
 .text          0x0000005c        0x2 c:/winavr-20100110/bin/../lib/gcc/avr/4.3.3/../../../../avr/lib/avr4/crtm8.o
                0x0000005c                __vector_12
                0x0000005c                __bad_interrupt
                0x0000005c                __vector_6
                0x0000005c                __vector_3
                0x0000005c                __vector_11
                0x0000005c                __vector_13
                0x0000005c                __vector_17
                0x0000005c                __vector_7
                0x0000005c                __vector_5
                0x0000005c                __vector_4
                0x0000005c                __vector_2
                0x0000005c                __vector_15
                0x0000005c                __vector_8
                0x0000005c                __vector_14
                0x0000005c                __vector_10
                0x0000005c                __vector_16
                0x0000005c                __vector_18
 .text          0x0000005e        0x0 ./NixieOne.o
 .text          0x0000005e        0x0 ./booster.o
 .text          0x0000005e        0x0 ./buttons.o
 .text          0x0000005e        0x0 ./ds1307.o
 .text          0x0000005e        0x0 ./ds18b20.o
 .text          0x0000005e        0x0 ./i2c.o
 .text          0x0000005e        0x0 ./nixie.o
 .text          0x0000005e        0x0 ./onewire.o
 .text          0x0000005e        0x0 ./photoresistor.o
 .text          0x0000005e        0x0 c:/winavr-20100110/bin/../lib/gcc/avr/4.3.3/avr4\libgcc.a(_udivmodqi4.o)
 .text          0x0000005e        0x0 c:/winavr-20100110/bin/../lib/gcc/avr/4.3.3/avr4\libgcc.a(_udivmodhi4.o)
 .text          0x0000005e        0x0 c:/winavr-20100110/bin/../lib/gcc/avr/4.3.3/avr4\libgcc.a(_divmodhi4.o)
 .text          0x0000005e        0x0 c:/winavr-20100110/bin/../lib/gcc/avr/4.3.3/avr4\libgcc.a(_exit.o)
 .text          0x0000005e        0x0 c:/winavr-20100110/bin/../lib/gcc/avr/4.3.3/avr4\libgcc.a(_copy_data.o)
 .text          0x0000005e        0x0 c:/winavr-20100110/bin/../lib/gcc/avr/4.3.3/avr4\libgcc.a(_clear_bss.o)
                0x0000005e                . = ALIGN (0x2)
 *(.text.*)
 .text.display_content_init
                0x0000005e       0x3e ./NixieOne.o
                0x0000005e                display_content_init
 .text.display_content_update
                0x0000009c      0x104 ./NixieOne.o
                0x0000009c                display_content_update
 .text.timer_start
                0x000001a0       0x10 ./NixieOne.o
                0x000001a0                timer_start
 .text.timer_stop
                0x000001b0        0x4 ./NixieOne.o
                0x000001b0                timer_stop
 .text.rtc_interrupt_init
                0x000001b4       0x12 ./NixieOne.o
                0x000001b4                rtc_interrupt_init
 .text.ambientlight2voltage
                0x000001c6       0x22 ./NixieOne.o
                0x000001c6                ambientlight2voltage
 .text.buttons_assign
                0x000001e8       0x8c ./NixieOne.o
                0x000001e8                buttons_assign
 .text.__vector_1
                0x00000274       0x1e ./NixieOne.o
                0x00000274                __vector_1
 .text.mode_change
                0x00000292       0x4c ./NixieOne.o
                0x00000292                mode_change
 .text.min_month_increment
                0x000002de       0xb4 ./NixieOne.o
                0x000002de                min_month_increment
 .text.hr_day_increment
                0x00000392       0xa6 ./NixieOne.o
                0x00000392                hr_day_increment
 .text.rtc_data_check_read
                0x00000438       0xc0 ./NixieOne.o
                0x00000438                rtc_data_check_read
 .text.main     0x000004f8      0x20c ./NixieOne.o
                0x000004f8                main
 .text.display_multiplex
                0x00000704       0x56 ./NixieOne.o
                0x00000704                display_multiplex
 .text.__vector_9
                0x0000075a       0xa8 ./NixieOne.o
                0x0000075a                __vector_9
 .text.booster_start
                0x00000802       0x1e ./booster.o
                0x00000802                booster_start
 .text.booster_stop
                0x00000820        0x6 ./booster.o
                0x00000820                booster_stop
 .text.booster_get_voltage
                0x00000826       0x24 ./booster.o
                0x00000826                booster_get_voltage
 .text.booster_control
                0x0000084a       0x46 ./booster.o
                0x0000084a                booster_control
 .text.buttons_init
                0x00000890        0xe ./buttons.o
                0x00000890                buttons_init
 .text.button_check
                0x0000089e       0xb8 ./buttons.o
                0x0000089e                button_check
 .text.dec2bcd  0x00000956       0x1e ./ds1307.o
 .text.ds1307_get_time
                0x00000974      0x100 ./ds1307.o
                0x00000974                ds1307_get_time
 .text.ds1307_set_date
                0x00000a74       0x70 ./ds1307.o
                0x00000a74                ds1307_set_date
 .text.ds1307_set_hour
                0x00000ae4       0x64 ./ds1307.o
                0x00000ae4                ds1307_set_hour
 .text.ds1307_write_reg
                0x00000b48       0x1e ./ds1307.o
                0x00000b48                ds1307_write_reg
 .text.ds1307_read_reg
                0x00000b66       0x22 ./ds1307.o
                0x00000b66                ds1307_read_reg
 .text.ds18b20_convert_temp
                0x00000b88        0xc ./ds18b20.o
                0x00000b88                ds18b20_convert_temp
 .text.ds18b20_get_temp
                0x00000b94       0x4a ./ds18b20.o
                0x00000b94                ds18b20_get_temp
 .text.i2c_init
                0x00000bde        0xc ./i2c.o
                0x00000bde                i2c_init
 .text.i2c_start
                0x00000bea       0x1a ./i2c.o
                0x00000bea                i2c_start
 .text.i2c_stop
                0x00000c04       0x1a ./i2c.o
                0x00000c04                i2c_stop
 .text.i2c_write_byte
                0x00000c1e       0x1c ./i2c.o
                0x00000c1e                i2c_write_byte
 .text.i2c_read_byte
                0x00000c3a       0x24 ./i2c.o
                0x00000c3a                i2c_read_byte
 .text.nixie_init
                0x00000c5e       0x1e ./nixie.o
                0x00000c5e                nixie_init
 .text.nixie_show_value
                0x00000c7c       0x48 ./nixie.o
                0x00000c7c                nixie_show_value
 .text.ow_reset
                0x00000cc4       0x26 ./onewire.o
                0x00000cc4                ow_reset
 .text.ow_write_byte
                0x00000cea       0x3a ./onewire.o
                0x00000cea                ow_write_byte
 .text.ow_read_byte
                0x00000d24       0x32 ./onewire.o
                0x00000d24                ow_read_byte
 .text.photoresistor_init
                0x00000d56       0x10 ./photoresistor.o
                0x00000d56                photoresistor_init
 .text.photoresistor_get_value
                0x00000d66       0x10 ./photoresistor.o
                0x00000d66                photoresistor_get_value
 .text.libgcc   0x00000d76       0x18 c:/winavr-20100110/bin/../lib/gcc/avr/4.3.3/avr4\libgcc.a(_udivmodqi4.o)
                0x00000d76                __udivmodqi4
 .text.libgcc   0x00000d8e       0x28 c:/winavr-20100110/bin/../lib/gcc/avr/4.3.3/avr4\libgcc.a(_udivmodhi4.o)
                0x00000d8e                __udivmodhi4
 .text.libgcc   0x00000db6       0x26 c:/winavr-20100110/bin/../lib/gcc/avr/4.3.3/avr4\libgcc.a(_divmodhi4.o)
                0x00000db6                __divmodhi4
                0x00000db6                _div
 .text.libgcc   0x00000ddc        0x0 c:/winavr-20100110/bin/../lib/gcc/avr/4.3.3/avr4\libgcc.a(_exit.o)
 .text.libgcc   0x00000ddc        0x0 c:/winavr-20100110/bin/../lib/gcc/avr/4.3.3/avr4\libgcc.a(_copy_data.o)
 .text.libgcc   0x00000ddc        0x0 c:/winavr-20100110/bin/../lib/gcc/avr/4.3.3/avr4\libgcc.a(_clear_bss.o)
                0x00000ddc                . = ALIGN (0x2)
 *(.fini9)
 .fini9         0x00000ddc        0x0 c:/winavr-20100110/bin/../lib/gcc/avr/4.3.3/avr4\libgcc.a(_exit.o)
                0x00000ddc                exit
                0x00000ddc                _exit
 *(.fini9)
 *(.fini8)
 *(.fini8)
 *(.fini7)
 *(.fini7)
 *(.fini6)
 *(.fini6)
 *(.fini5)
 *(.fini5)
 *(.fini4)
 *(.fini4)
 *(.fini3)
 *(.fini3)
 *(.fini2)
 *(.fini2)
 *(.fini1)
 *(.fini1)
 *(.fini0)
 .fini0         0x00000ddc        0x4 c:/winavr-20100110/bin/../lib/gcc/avr/4.3.3/avr4\libgcc.a(_exit.o)
 *(.fini0)
                0x00000de0                _etext = .

.data           0x00800060        0xc load address 0x00000de0
                0x00800060                PROVIDE (__data_start, .)
 *(.data)
 .data          0x00800060        0x0 c:/winavr-20100110/bin/../lib/gcc/avr/4.3.3/../../../../avr/lib/avr4/crtm8.o
 .data          0x00800060        0x0 ./NixieOne.o
 .data          0x00800060        0x0 ./booster.o
 .data          0x00800060        0x0 ./buttons.o
 .data          0x00800060        0x0 ./ds1307.o
 .data          0x00800060        0x0 ./ds18b20.o
 .data          0x00800060        0x0 ./i2c.o
 .data          0x00800060        0x0 ./nixie.o
 .data          0x00800060        0x0 ./onewire.o
 .data          0x00800060        0x0 ./photoresistor.o
 .data          0x00800060        0x0 c:/winavr-20100110/bin/../lib/gcc/avr/4.3.3/avr4\libgcc.a(_udivmodqi4.o)
 .data          0x00800060        0x0 c:/winavr-20100110/bin/../lib/gcc/avr/4.3.3/avr4\libgcc.a(_udivmodhi4.o)
 .data          0x00800060        0x0 c:/winavr-20100110/bin/../lib/gcc/avr/4.3.3/avr4\libgcc.a(_divmodhi4.o)
 .data          0x00800060        0x0 c:/winavr-20100110/bin/../lib/gcc/avr/4.3.3/avr4\libgcc.a(_exit.o)
 .data          0x00800060        0x0 c:/winavr-20100110/bin/../lib/gcc/avr/4.3.3/avr4\libgcc.a(_copy_data.o)
 .data          0x00800060        0x0 c:/winavr-20100110/bin/../lib/gcc/avr/4.3.3/avr4\libgcc.a(_clear_bss.o)
 *(.data*)
 *(.rodata)
 *(.rodata*)
 .rodata.mths   0x00800060        0xc ./NixieOne.o
                0x00800060                mths
 *(.gnu.linkonce.d*)
                0x0080006c                . = ALIGN (0x2)
                0x0080006c                _edata = .
                0x0080006c                PROVIDE (__data_end, .)

.bss            0x0080006c       0x20
                0x0080006c                PROVIDE (__bss_start, .)
 *(.bss)
 .bss           0x0080006c        0x0 c:/winavr-20100110/bin/../lib/gcc/avr/4.3.3/../../../../avr/lib/avr4/crtm8.o
 .bss           0x0080006c        0x0 ./NixieOne.o
 .bss           0x0080006c        0x0 ./booster.o
 .bss           0x0080006c        0x0 ./buttons.o
 .bss           0x0080006c        0x0 ./ds1307.o
 .bss           0x0080006c        0x0 ./ds18b20.o
 .bss           0x0080006c        0x0 ./i2c.o
 .bss           0x0080006c        0x0 ./nixie.o
 .bss           0x0080006c        0x0 ./onewire.o
 .bss           0x0080006c        0x0 ./photoresistor.o
 .bss           0x0080006c        0x0 c:/winavr-20100110/bin/../lib/gcc/avr/4.3.3/avr4\libgcc.a(_udivmodqi4.o)
 .bss           0x0080006c        0x0 c:/winavr-20100110/bin/../lib/gcc/avr/4.3.3/avr4\libgcc.a(_udivmodhi4.o)
 .bss           0x0080006c        0x0 c:/winavr-20100110/bin/../lib/gcc/avr/4.3.3/avr4\libgcc.a(_divmodhi4.o)
 .bss           0x0080006c        0x0 c:/winavr-20100110/bin/../lib/gcc/avr/4.3.3/avr4\libgcc.a(_exit.o)
 .bss           0x0080006c        0x0 c:/winavr-20100110/bin/../lib/gcc/avr/4.3.3/avr4\libgcc.a(_copy_data.o)
 .bss           0x0080006c        0x0 c:/winavr-20100110/bin/../lib/gcc/avr/4.3.3/avr4\libgcc.a(_clear_bss.o)
 *(.bss*)
 .bss.main_timer
                0x0080006c        0x1 ./NixieOne.o
                0x0080006c                main_timer
 .bss.auxiliary_timer
                0x0080006d        0x2 ./NixieOne.o
                0x0080006d                auxiliary_timer
 .bss.content_timer
                0x0080006f        0x1 ./NixieOne.o
                0x0080006f                content_timer
 .bss.rtc_inconsistence
                0x00800070        0x1 ./NixieOne.o
                0x00800070                rtc_inconsistence
 .bss.check_booster
                0x00800071        0x1 ./NixieOne.o
                0x00800071                check_booster
 .bss.update_time
                0x00800072        0x1 ./NixieOne.o
                0x00800072                update_time
 .bss.nixie_counter.1348
                0x00800073        0x1 ./NixieOne.o
 .bss.digit_counter.1316
                0x00800074        0x1 ./NixieOne.o
 .bss.button_state.1241
                0x00800075        0x1 ./buttons.o
 .bss.last_button.1240
                0x00800076        0x1 ./buttons.o
 *(COMMON)
 COMMON         0x00800077       0x12 ./NixieOne.o
                0x00800077                selected_mode
                0x00800078                display_content
                0x00800080                temperature
                0x00800082                time
 COMMON         0x00800089        0x2 ./buttons.o
                0x00800089                button_timer
 COMMON         0x0080008b        0x1 ./i2c.o
                0x0080008b                timeout_timer
                0x0080008c                PROVIDE (__bss_end, .)
                0x00000de0                __data_load_start = LOADADDR (.data)
                0x00000dec                __data_load_end = (__data_load_start + SIZEOF (.data))

.noinit         0x0080008c        0x0
                0x0080008c                PROVIDE (__noinit_start, .)
 *(.noinit*)
                0x0080008c                PROVIDE (__noinit_end, .)
                0x0080008c                _end = .
                0x0080008c                PROVIDE (__heap_start, .)

.eeprom         0x00810000        0x0
 *(.eeprom*)
                0x00810000                __eeprom_end = .

.fuse
 *(.fuse)
 *(.lfuse)
 *(.hfuse)
 *(.efuse)

.lock
 *(.lock*)

.signature
 *(.signature*)

.stab           0x00000000     0x28c8
 *(.stab)
 .stab          0x00000000     0x111c ./NixieOne.o
 .stab          0x0000111c      0x300 ./booster.o
                                0x4bc (size before relaxing)
 .stab          0x0000141c      0x2e8 ./buttons.o
                                0x4bc (size before relaxing)
 .stab          0x00001704      0x438 ./ds1307.o
                                0x5b8 (size before relaxing)
 .stab          0x00001b3c      0x1d4 ./ds18b20.o
                                0x354 (size before relaxing)
 .stab          0x00001d10      0x2a0 ./i2c.o
                                0x45c (size before relaxing)
 .stab          0x00001fb0      0x234 ./nixie.o
                                0x3f0 (size before relaxing)
 .stab          0x000021e4      0x51c ./onewire.o
                                0x6d8 (size before relaxing)
 .stab          0x00002700      0x1c8 ./photoresistor.o
                                0x384 (size before relaxing)

.stabstr        0x00000000     0x10b1
 *(.stabstr)
 .stabstr       0x00000000     0x10b1 ./NixieOne.o

.stab.excl
 *(.stab.excl)

.stab.exclstr
 *(.stab.exclstr)

.stab.index
 *(.stab.index)

.stab.indexstr
 *(.stab.indexstr)

.comment
 *(.comment)

.debug
 *(.debug)

.line
 *(.line)

.debug_srcinfo
 *(.debug_srcinfo)

.debug_sfnames
 *(.debug_sfnames)

.debug_aranges
 *(.debug_aranges)

.debug_pubnames
 *(.debug_pubnames)

.debug_info
 *(.debug_info)
 *(.gnu.linkonce.wi.*)

.debug_abbrev
 *(.debug_abbrev)

.debug_line
 *(.debug_line)

.debug_frame
 *(.debug_frame)

.debug_str
 *(.debug_str)

.debug_loc
 *(.debug_loc)

.debug_macinfo
 *(.debug_macinfo)
OUTPUT(NixieOne.elf elf32-avr)
LOAD linker stubs
